---
source: ui-tests/cbindgen/src/lib.rs
assertion_line: 166
expression: actual
---
#include <stdarg.h>
#include <stdbool.h>
#include <stdint.h>
#include <stdlib.h>

enum E {
  x = 0,
  y = 1,
};
typedef uint8_t E;

struct A;

union C;

struct B {
  int32_t x;
  float y;
};

union D {
  int32_t x;
  float y;
};

#define H 10

#define I 10

extern const int32_t G;

void root(const struct A *a, struct B b, union C c, union D d, E e, struct A f);
