---
source: ui-tests/cbindgen/src/lib.rs
assertion_line: 166
expression: actual
---
#include <stdarg.h>
#include <stdbool.h>
#include <stdint.h>
#include <stdlib.h>

enum E {
  x = 0,
  y = 1,
};
typedef uint8_t E;

typedef struct A A;

typedef union C C;

typedef struct {
  int32_t x;
  float y;
} B;

typedef union {
  int32_t x;
  float y;
} D;

#define H 10

#define I 10

extern const int32_t G;

void root(const A *a, B b, C c, D d, E e, A f);
