---
source: ui-tests/cbindgen/src/lib.rs
assertion_line: 166
expression: actual
---
#ifdef __clang__
#define CBINDGEN_NONNULL _Nonnull
#else
#define CBINDGEN_NONNULL
#endif

#include <stdarg.h>
#include <stdbool.h>
#include <stdint.h>
#include <stdlib.h>

typedef struct Opaque Opaque;

typedef struct Pointers_u64 Pointers_u64;

typedef struct {
  const Opaque *a;
  Opaque *b;
  const Opaque *c;
  Opaque *d;
} References;

void value_arg(References arg);

void mutltiple_args(int32_t *arg, Pointers_u64 *foo, Opaque * *d);

void ref_arg(const Pointers_u64 *arg);

void mut_ref_arg(Pointers_u64 *arg);

void optional_ref_arg(const Pointers_u64 *arg);

void optional_mut_ref_arg(Pointers_u64 *arg);

void nullable_const_ptr(const Pointers_u64 *arg);

void nullable_mut_ptr(Pointers_u64 *arg);
