---
source: ui-tests/src/generate/mod.rs
assertion_line: 171
expression: output
---
#include <stdarg.h>
#include <stdbool.h>
#include <stdint.h>
#include <stdlib.h>

/**
 * A non-repr(C) union — opaque, should use `union` tag.
 */
typedef union NonReprC NonReprC;

/**
 * A repr(C) union with private fields — opaque, should use `union` tag.
 */
typedef union PrivateFields PrivateFields;

void use_non_repr_c(union NonReprC *a);

void use_private(union PrivateFields *a);
