---
source: ui-tests/src/generate/mod.rs
assertion_line: 256
expression: output
---
#include <stdarg.h>
#include <stdbool.h>
#include <stdint.h>
#include <stdlib.h>

typedef struct {
  uint8_t a[4];
} Foo_u8;

typedef Foo_u8 Boo;

typedef struct {
  uint8_t *a;
} Foo_u8;

void root(Boo x);

void my_function(Foo_u8 x);
