---
source: ui-tests/src/generate/mod.rs
assertion_line: 256
expression: output
---
#include <stdarg.h>
#include <stdbool.h>
#include <stdint.h>
#include <stdlib.h>

struct Foo_u8 {
  uint8_t *a;
};

typedef struct Foo_u8 Boo;

struct Foo_u8 {
  uint8_t a[4];
};

#ifdef __cplusplus
extern "C" {
#endif // __cplusplus

void root(Boo x);

void my_function(struct Foo_u8 x);

#ifdef __cplusplus
}  // extern "C"
#endif  // __cplusplus
