---
source: ui-tests/src/generate/mod.rs
assertion_line: 256
expression: output
---
#include <stdarg.h>
#include <stdbool.h>
#include <stdint.h>
#include <stdlib.h>

typedef struct Foo_i32 Foo_i32;

typedef struct Bar_i32 Bar_i32;

typedef struct Baz Baz;

typedef struct Taz Taz;

void foo(const struct Foo_i32 *foo, const struct Bar_i32 *bar, const struct Baz *baz, const struct Taz *taz);
