---
source: ui-tests/cheadergen/src/lib.rs
assertion_line: 294
expression: output
---
#include <stdarg.h>
#include <stdbool.h>
#include <stdint.h>
#include <stdlib.h>
#include "partitioned_generic_overlap_dep.h"

#ifndef WRAPPER_I32_DEFINED
#define WRAPPER_I32_DEFINED
struct Wrapper_i32 {
  int32_t value;
};
#endif /* WRAPPER_I32_DEFINED */

int32_t use_b(struct BStruct s);

int32_t use_wrapper(struct Wrapper_i32 w);
