---
source: ui-tests/src/generate/mod.rs
assertion_line: 256
expression: output
---
#include <stdarg.h>
#include <stdbool.h>
#include <stdint.h>
#include <stdlib.h>

/**
 * cbindgen:prefix-with-name=true
 */
enum Bar {
  Some,
  Thing,
};

struct Foo_u8 {
  uint8_t a;
};

typedef struct Foo_u8 Boo;

#ifdef __cplusplus
extern "C" {
#endif // __cplusplus

void root(Boo x, enum Bar y);

void unsafe_root(Boo x, enum Bar y);

#ifdef __cplusplus
}  // extern "C"
#endif  // __cplusplus
