---
source: ui-tests/cbindgen/src/lib.rs
assertion_line: 194
expression: actual
---
#include <stdarg.h>
#include <stdbool.h>
#include <stddef.h>
#include <stdint.h>
#include <stdlib.h>

enum UE {
  UV,
};
typedef size_t UE;

enum IE {
  IV,
};
typedef ptrdiff_t IE;

void root(size_t _, ptrdiff_t _, UE _, IE _);
