---
source: ui-tests/cbindgen/src/lib.rs
assertion_line: 166
expression: actual
---
#if 0
''' '
#endif

#ifdef __cplusplus
template <typename T>
using ManuallyDrop = T;
#endif

#if 0
' '''
#endif

#include <stdarg.h>
#include <stdbool.h>
#include <stdint.h>
#include <stdlib.h>

struct MyStruct;

struct Foo;

struct Point {
  int32_t x;
  int32_t y;
};

#ifdef __cplusplus
extern "C" {
#endif // __cplusplus

void root(const struct Foo *a, const struct MyStruct *with_manual_drop);

void take(struct Point with_manual_drop);

#ifdef __cplusplus
}  // extern "C"
#endif  // __cplusplus
