---
source: ui-tests/cbindgen/src/lib.rs
assertion_line: 166
expression: actual
---
#include <stdarg.h>
#include <stdbool.h>
#include <stdint.h>
#include <stdlib.h>

typedef union Opaque Opaque;

typedef union Normal {
  int32_t x;
  float y;
} Normal;

typedef union NormalWithZST {
  int32_t x;
  float y;
} NormalWithZST;

#ifdef __cplusplus
extern "C" {
#endif // __cplusplus

void root(union Opaque *a, union Normal b, union NormalWithZST c);

#ifdef __cplusplus
}  // extern "C"
#endif  // __cplusplus
