---
source: ui-tests/cheadergen/src/lib.rs
assertion_line: 332
expression: output
---
#include <stdarg.h>
#include <stdbool.h>
#include <stdint.h>
#include <stdlib.h>

typedef struct Config {
  uint32_t raw_width;
  uint32_t raw_height;
  /**
   * A field without rename — should use its Rust name.
   */
  uint32_t depth;
} Config;
