---
source: ui-tests/src/generate/mod.rs
assertion_line: 171
expression: output
---
#if 0
DEF DEFINE_FREEBSD = 0
#endif

#include <stdarg.h>
#include <stdbool.h>
#include <stdint.h>
#include <stdlib.h>

struct Foo {
  int32_t x;
};

struct NoExternTy {
  uint8_t field;
};

struct RenamedTy {
  uint64_t y;
};

struct ContainsNoExternTy {
  struct NoExternTy field;
};

void root(struct Foo a);

void renamed_func(struct RenamedTy a);

void no_extern_func(struct ContainsNoExternTy a);
