---
source: ui-tests/cbindgen/src/lib.rs
assertion_line: 166
expression: actual
---
#if 0
DEF PLATFORM_UNIX = 0
DEF PLATFORM_WIN = 0
DEF X11 = 0
DEF M_32 = 0
#endif
#define PLATFORM_UNIX 1

#include <stdarg.h>
#include <stdbool.h>
#include <stdint.h>
#include <stdlib.h>

/**
 * cbindgen:derive-eq=false
 * cbindgen:derive-neq=false
 */
struct ConditionalField {

};

#ifdef __cplusplus
extern "C" {
#endif // __cplusplus

extern int32_t global_array_with_different_sizes[1];

void cond(struct ConditionalField a);

#ifdef __cplusplus
}  // extern "C"
#endif  // __cplusplus
