---
source: ui-tests/src/generate/mod.rs
assertion_line: 256
expression: output
---
#include <stdarg.h>
#include <stdbool.h>
#include <stdint.h>
#include <stdlib.h>

#ifdef __cplusplus
extern "C" {
#endif // __cplusplus

void (*)(void) O(void);

void root(void (*a)(void), void (*b)(void), bool (*c)(int32_t, int32_t), bool (*)(float) (*d)(int32_t), const int32_t[16] *(*e)(void), const int32_t *f, const const int32_t * *g, const int32_t * *h, const int32_t[16] *i, double (**j)(float), int32_t[16] k, const int32_t *[16] l, bool (*)(int32_t, int32_t)[16] m, void (*)(int32_t, int32_t)[16] n, void (*p)(int32_t named1st, bool, bool named3rd, int32_t));

#ifdef __cplusplus
}  // extern "C"
#endif  // __cplusplus
