---
source: ui-tests/src/generate/mod.rs
assertion_line: 256
expression: output
---
#include <stdarg.h>
#include <stdbool.h>
#include <stdint.h>
#include <stdlib.h>

/**
 * Exported via `#[unsafe(no_mangle)]`.
 */
extern const uint32_t GLOBAL_COUNT;

/**
 * Mutable static exported via `#[unsafe(no_mangle)]`.
 */
extern int64_t MUTABLE_STATE;

/**
 * Exported with a custom symbol name via `#[export_name]`.
 */
extern const float custom_name;
