---
source: ui-tests/src/generate/mod.rs
assertion_line: 171
expression: output
---
#include <stdarg.h>
#include <stdbool.h>
#include <stdint.h>
#include <stdlib.h>

#ifdef __cplusplus
extern "C" {
#endif // __cplusplus

void anchor(void);

#ifdef __cplusplus
}  // extern "C"
#endif  // __cplusplus
