---
source: ui-tests/cbindgen/src/lib.rs
assertion_line: 166
expression: actual
---
#include <stdarg.h>
#include <stdbool.h>
#include <stdint.h>
#include <stdlib.h>

/**
 * cbindgen:prefix-with-name=true
 */
typedef enum {
  Some,
  Thing,
} Bar;

typedef struct {
  uint8_t a;
} Foo_u8;

typedef Foo_u8 Boo;

#ifdef __cplusplus
extern "C" {
#endif // __cplusplus

void root(Boo x, Bar y);

void unsafe_root(Boo x, Bar y);

#ifdef __cplusplus
}  // extern "C"
#endif  // __cplusplus
