---
source: ui-tests/cbindgen/src/lib.rs
assertion_line: 166
expression: actual
---
#include <stdarg.h>
#include <stdbool.h>
#include <stdint.h>
#include <stdlib.h>

/**
 * cbindgen:prefix-with-name=true
 */
typedef enum Bar {
  Some,
  Thing,
} Bar;

typedef struct Foo_u8 {
  uint8_t a;
} Foo_u8;

typedef struct Foo_u8 Boo;

void root(Boo x, enum Bar y);

void unsafe_root(Boo x, enum Bar y);
