---
source: ui-tests/cbindgen/src/lib.rs
assertion_line: 166
expression: actual
---
#include <stdarg.h>
#include <stdbool.h>
#include <stdint.h>
#include <stdlib.h>

typedef struct {
  float a;
  uint32_t b;
  uint32_t c;
} ABC;

typedef struct {
  uint32_t b;
  float a;
  int32_t c;
} BAC;

#ifdef __cplusplus
extern "C" {
#endif // __cplusplus

void root(ABC a1, BAC a2);

#ifdef __cplusplus
}  // extern "C"
#endif  // __cplusplus
