---
source: ui-tests/cbindgen/src/lib.rs
assertion_line: 166
expression: actual
---
#include <stdarg.h>
#include <stdbool.h>
#include <stdint.h>
#include <stdlib.h>

typedef struct ABC {
  float a;
  uint32_t b;
  uint32_t c;
} ABC;

typedef struct BAC {
  uint32_t b;
  float a;
  int32_t c;
} BAC;

void root(struct ABC a1, struct BAC a2);
