---
source: ui-tests/src/generate/mod.rs
assertion_line: 171
expression: output
---
#include <stdarg.h>
#include <stdbool.h>
#include <stdint.h>
#include <stdlib.h>

enum Big {
  First = 0,
  Second = 2,
  Third,
};
typedef uintptr_t Big;

enum Color {
  Red,
  Green,
  Blue,
};

enum Direction {
  Up = 0,
  Down = 2,
  Left,
  Right = 5,
};
typedef uint8_t Direction;

enum Sign {
  Negative = -1,
  Zero = 0,
  Positive = 1,
};
typedef int8_t Sign;

/**
 * No repr — should be emitted as opaque.
 */
struct NoRepr;

void root(enum Color color, Direction dir, Sign sign, Big big, const struct NoRepr *no_repr);
