---
source: ui-tests/src/generate/mod.rs
assertion_line: 171
expression: output
---
#include <stdarg.h>
#include <stdbool.h>
#include <stdint.h>
#include <stdlib.h>

typedef enum {
  Red,
  Green,
  Blue,
} Color;

enum Direction {
  Up = 0,
  Down = 2,
  Left,
  Right = 5,
};
typedef uint8_t Direction;

enum Sign {
  Negative = -1,
  Zero = 0,
  Positive = 1,
};
typedef int8_t Sign;

enum Big {
  First = 0,
  Second = 2,
  Third,
};
typedef uintptr_t Big;

enum U16Enum {
  U16A,
  U16B,
};
typedef uint16_t U16Enum;

enum U32Enum {
  U32A,
  U32B,
};
typedef uint32_t U32Enum;

enum U64Enum {
  U64A,
  U64B,
};
typedef uint64_t U64Enum;

enum U128Enum {
  U128A,
  U128B,
};
typedef __uint128_t U128Enum;

enum I16Enum {
  I16A,
  I16B,
};
typedef int16_t I16Enum;

enum I32Enum {
  I32A,
  I32B,
};
typedef int32_t I32Enum;

enum I64Enum {
  I64A,
  I64B,
};
typedef int64_t I64Enum;

enum I128Enum {
  I128A,
  I128B,
};
typedef __int128_t I128Enum;

enum IsizeEnum {
  IsizeA,
  IsizeB,
};
typedef intptr_t IsizeEnum;

/**
 * No repr — should be emitted as opaque.
 */
typedef struct NoRepr NoRepr;

void root(Color color, Direction dir, Sign sign, Big big, U16Enum u16_enum, U32Enum u32_enum, U64Enum u64_enum, U128Enum u128_enum, I16Enum i16_enum, I32Enum i32_enum, I64Enum i64_enum, I128Enum i128_enum, IsizeEnum isize_enum, const NoRepr *no_repr);
