---
source: ui-tests/src/generate/mod.rs
assertion_line: 256
expression: output
---
#if 0
DEF DEFINED = 1
DEF NOT_DEFINED = 0
#endif

#include <stdarg.h>
#include <stdbool.h>
#include <stdint.h>
#include <stdlib.h>

struct Foo {
  int32_t x;
};

struct Bar {
  struct Foo z;
};

struct Root {
  struct Bar w;
};

#define DEFAULT_X 42

void root(struct Root a);
