---
source: ui-tests/cheadergen/src/lib.rs
assertion_line: 260
expression: output
---
#include <stdarg.h>
#include <stdbool.h>
#include <stdint.h>
#include <stdlib.h>

typedef struct DepStruct DepStruct;

typedef struct {
  int32_t a;
  int32_t b;
} LocalStruct;

const DepStruct *use_dep(const DepStruct *ptr);

LocalStruct use_local(LocalStruct s);
