---
source: ui-tests/src/generate/mod.rs
assertion_line: 171
expression: output
---
#include <stdarg.h>
#include <stdbool.h>
#include <stdint.h>
#include <stdlib.h>

typedef union WithDefault_i32__f32 {
  int32_t main;
  float extra;
} WithDefault_i32__f32;

typedef union WithDefault_i32__u8 {
  int32_t main;
  uint8_t extra;
} WithDefault_i32__u8;

union WithDefault_i32__f32 use_default(union WithDefault_i32__f32 w);

union WithDefault_i32__u8 use_override(union WithDefault_i32__u8 w);
