---
source: ui-tests/src/generate/mod.rs
assertion_line: 253
expression: output
---
#include <stdarg.h>
#include <stdbool.h>
#include <stdint.h>
#include <stdlib.h>

struct Opaque;

struct Visible {
  uint32_t a;
  uint32_t b;
};

#ifdef __cplusplus
extern "C" {
#endif // __cplusplus

struct Visible takes_opaque(struct Opaque v);

#ifdef __cplusplus
}  // extern "C"
#endif  // __cplusplus
