---
source: ui-tests/cbindgen/src/lib.rs
assertion_line: 166
expression: actual
---
#include <stdarg.h>
#include <stdbool.h>
#include <stdint.h>
#include <stdlib.h>

typedef struct {
  bool a;
  int32_t b;
} Foo;

enum Bar_Tag
#ifdef __cplusplus
  : uint8_t
#endif // __cplusplus
 {
  Baz,
  Bazz,
  FooNamed,
  FooParen,
};
#ifndef __cplusplus
typedef uint8_t Bar_Tag;
#endif // __cplusplus

typedef struct {
  Bar_Tag tag;
  int32_t different;
  uint32_t fields;
} FooNamed_Body;

typedef struct {
  Bar_Tag tag;
  int32_t m0;
  Foo m1;
} FooParen_Body;

typedef union {
  Bar_Tag tag;
  struct {
    Bar_Tag bazz_tag;
    Foo bazz;
  };
  FooNamed_Body foonamed;
  FooParen_Body fooparen;
} Bar;

#ifdef __cplusplus
extern "C" {
#endif // __cplusplus

Foo root(Bar bar);

#ifdef __cplusplus
}  // extern "C"
#endif  // __cplusplus
