---
source: ui-tests/src/generate/mod.rs
assertion_line: 171
expression: output
---
#include <stdarg.h>
#include <stdbool.h>
#include <stdint.h>
#include <stdlib.h>

typedef struct {
  int32_t value;
} Inner;

typedef struct {
  Inner inner;
} Middle;

typedef struct {
  const Inner *ptr;
  Middle nested;
} Outer;

void root(Outer o);
