---
source: ui-tests/cbindgen/src/lib.rs
assertion_line: 166
expression: actual
---
#include <stdarg.h>
#include <stdbool.h>
#include <stdint.h>
#include <stdlib.h>

enum Status
#ifdef __cplusplus
  : uint32_t
#endif // __cplusplus
 {
  Ok,
  Err,
};
#ifndef __cplusplus
typedef uint32_t Status;
#endif // __cplusplus

struct Dep {
  int32_t a;
  float b;
};

struct Foo_f64 {
  double a;
  double b;
  struct Dep c;
};

struct Foo_i32 {
  int32_t a;
  int32_t b;
  struct Dep c;
};

#ifdef __cplusplus
extern "C" {
#endif // __cplusplus

void root(struct Foo_i32 x, struct Foo_f64 y, int32_t z, Status w);

#ifdef __cplusplus
}  // extern "C"
#endif  // __cplusplus
