---
source: ui-tests/src/generate/mod.rs
assertion_line: 256
expression: output
---
#if 0
''' '
#endif

#ifdef __cplusplus
template <typename T>
using Box = T*;
#endif

#if 0
' '''
#endif

#include <stdarg.h>
#include <stdbool.h>
#include <stdint.h>
#include <stdlib.h>

struct MyStruct;

struct Foo;

void root(const struct Foo *a, const struct MyStruct *with_box);

void drop_box(int32_t *x);

void drop_box_opt(int32_t *x);
