---
source: ui-tests/src/generate/mod.rs
assertion_line: 200
expression: output
---
#include <stdarg.h>
#include <stdbool.h>
#include <stdint.h>
#include <stdlib.h>

/**
 * A status enum exported via annotation, not referenced by any FFI function.
 */
typedef enum Status {
  Ok,
  Error,
  Pending,
} Status;

/**
 * A type without `#[repr(C)]` — should produce an opaque forward declaration.
 */
typedef struct OpaqueHandle OpaqueHandle;

/**
 * A config struct exported via annotation, not referenced by any FFI function.
 */
typedef struct Config {
  uint32_t width;
  uint32_t height;
} Config;

/**
 * A struct that is both annotated AND referenced by an FFI function.
 */
typedef struct Point {
  double x;
  double y;
} Point;

#ifdef __cplusplus
extern "C" {
#endif // __cplusplus

struct Point make_point(double x, double y);

#ifdef __cplusplus
}  // extern "C"
#endif  // __cplusplus
