---
source: ui-tests/src/generate/mod.rs
assertion_line: 171
expression: output
---
#include <stdarg.h>
#include <stdbool.h>
#include <stdint.h>
#include <stdlib.h>

/**
 * A simple `#[repr(C)]` struct to test optional references to user-defined types.
 */
typedef struct Point Point;

void take_option_ref_i32(const int32_t *x);

const int32_t *return_option_ref_i32(void);

void take_option_ref_f32(const float *x);

void take_option_ref_point(const Point *x);

const Point *return_option_ref_point(void);

void take_option_mut_ref_i32(int32_t *x);

int32_t *return_option_mut_ref_i32(void);

void take_option_mut_ref_point(Point *x);

Point *return_option_mut_ref_point(void);
