---
source: ui-tests/src/generate/mod.rs
assertion_line: 171
expression: output
---
#include <stdarg.h>
#include <stdbool.h>
#include <stdint.h>
#include <stdlib.h>

/**
 * A simple `#[repr(C)]` struct to test optional references to user-defined types.
 */
struct Point;

#ifdef __cplusplus
extern "C" {
#endif // __cplusplus

void take_option_ref_i32(const int32_t *x);

const int32_t *return_option_ref_i32(void);

void take_option_ref_f32(const float *x);

void take_option_ref_point(const struct Point *x);

const struct Point *return_option_ref_point(void);

void take_option_mut_ref_i32(int32_t *x);

int32_t *return_option_mut_ref_i32(void);

void take_option_mut_ref_point(struct Point *x);

struct Point *return_option_mut_ref_point(void);

#ifdef __cplusplus
}  // extern "C"
#endif  // __cplusplus
