---
source: ui-tests/cbindgen/src/lib.rs
assertion_line: 166
expression: actual
---
#include <stdarg.h>
#include <stdbool.h>
#include <stdint.h>
#include <stdlib.h>

typedef struct Parser_40__41 Parser_40__41;

typedef struct Parser_b'('__b')' Parser_b'('__b')';

typedef struct Parser_b'{'__b'}' Parser_b'{'__b'}';

#ifdef __cplusplus
extern "C" {
#endif // __cplusplus

void init_parens_parser(Parser_b'('__b')' *p, uint8_t *buf, uintptr_t len);

void destroy_parens_parser(Parser_40__41 *p);

void init_braces_parser(Parser_b'{'__b'}' *p, uint8_t *buf, uintptr_t len);

#ifdef __cplusplus
}  // extern "C"
#endif  // __cplusplus
