---
source: ui-tests/src/generate/mod.rs
assertion_line: 256
expression: output
---
#include <stdarg.h>
#include <stdbool.h>
#include <stdint.h>
#include <stdlib.h>

#define MY_CONST 4

#ifdef __cplusplus
extern "C" {
#endif // __cplusplus

void ExternFunction(void);

#ifdef __cplusplus
}  // extern "C"
#endif  // __cplusplus
