---
source: ui-tests/cbindgen/src/lib.rs
assertion_line: 194
expression: actual
---
#include <stdarg.h>
#include <stdbool.h>
#include <stdint.h>
#include <stdlib.h>

typedef struct MyStruct MyStruct;

typedef struct NotReprC_RefCell_i32 NotReprC_RefCell_i32;

typedef NotReprC_RefCell_i32 Foo;

void root(const Foo *a, const MyStruct *with_cell);
