---
source: ui-tests/src/generate/mod.rs
assertion_line: 256
expression: output
---
#include <stdarg.h>
#include <stdbool.h>
#include <stdint.h>
#include <stdlib.h>

typedef struct ArrayVec_u8__100 ArrayVec_u8__100;

#ifdef __cplusplus
extern "C" {
#endif // __cplusplus

int32_t push(struct ArrayVec_u8__100 *v, uint8_t *elem);

#ifdef __cplusplus
}  // extern "C"
#endif  // __cplusplus
