---
source: ui-tests/src/generate/mod.rs
assertion_line: 171
expression: output
---
#include <stdarg.h>
#include <stdbool.h>
#include <stdint.h>
#include <stdlib.h>

typedef union {
  float value;
  uint32_t tag;
} Wrapper_f32;

typedef union {
  int32_t value;
  uint32_t tag;
} Wrapper_i32;

typedef union {
  int32_t first;
  float second;
} Pair_i32__f32;

Wrapper_i32 use_wrapper_i32(Wrapper_i32 w);

Wrapper_f32 use_wrapper_f32(Wrapper_f32 w);

Pair_i32__f32 use_pair(Pair_i32__f32 p);
