---
source: ui-tests/src/generate/mod.rs
assertion_line: 171
expression: output
---
#include <stdarg.h>
#include <stdbool.h>
#include <stdint.h>
#include <stdlib.h>

/**
 * The `Option` type. See [the module level documentation](self) for more.
 */
struct Option_Point;

/**
 * The `Option` type. See [the module level documentation](self) for more.
 */
struct Option_Point;

/**
 * The `Option` type. See [the module level documentation](self) for more.
 */
struct Option_Point;

/**
 * The `Option` type. See [the module level documentation](self) for more.
 */
struct Option_Point;

/**
 * The `Option` type. See [the module level documentation](self) for more.
 */
struct Option_f32;

/**
 * The `Option` type. See [the module level documentation](self) for more.
 */
struct Option_i32;

/**
 * The `Option` type. See [the module level documentation](self) for more.
 */
struct Option_i32;

/**
 * The `Option` type. See [the module level documentation](self) for more.
 */
struct Option_i32;

/**
 * The `Option` type. See [the module level documentation](self) for more.
 */
struct Option_i32;

#ifdef __cplusplus
extern "C" {
#endif // __cplusplus

void take_option_ref_i32(struct Option_i32 x);

struct Option_i32 return_option_ref_i32(void);

void take_option_ref_f32(struct Option_f32 x);

void take_option_ref_point(struct Option_Point x);

struct Option_Point return_option_ref_point(void);

void take_option_mut_ref_i32(struct Option_i32 x);

struct Option_i32 return_option_mut_ref_i32(void);

void take_option_mut_ref_point(struct Option_Point x);

struct Option_Point return_option_mut_ref_point(void);

#ifdef __cplusplus
}  // extern "C"
#endif  // __cplusplus
