---
source: ui-tests/cheadergen/src/lib.rs
assertion_line: 249
expression: output
---
#include <stdarg.h>
#include <stdbool.h>
#include <stdint.h>
#include <stdlib.h>

/**
 * Enum renamed in the C header.
 */
typedef enum Status {
  Ok,
  Error,
} Status;

/**
 * Struct renamed from `InternalPoint` to `Point` in the C header.
 */
typedef struct Point {
  double x;
  double y;
} Point;

struct Point make_point(double x, double y);

enum Status get_status(void);
