---
source: ui-tests/src/generate/mod.rs
assertion_line: 171
expression: output
---
#include <stdarg.h>
#include <stdbool.h>
#include <stdint.h>
#include <stdlib.h>

struct Wrapper_f32 {
  float value;
};

struct Wrapper_i32 {
  int32_t value;
};

struct Pair_i32__f32 {
  int32_t first;
  float second;
};

struct Wrapper_i32 use_wrapper_i32(struct Wrapper_i32 w);

struct Wrapper_f32 use_wrapper_f32(struct Wrapper_f32 w);

struct Pair_i32__f32 use_pair(struct Pair_i32__f32 p);
