---
source: ui-tests/cheadergen/src/lib.rs
assertion_line: 332
expression: output
---
#include <stdarg.h>
#include <stdbool.h>
#include <stdint.h>
#include <stdlib.h>

struct Message;

#ifdef __cplusplus
extern "C" {
#endif // __cplusplus

const struct Message *use_message(const struct Message *ptr);

#ifdef __cplusplus
}  // extern "C"
#endif  // __cplusplus
