---
source: ui-tests/src/generate/mod.rs
assertion_line: 256
expression: output
---
#include <stdint.h>

#if 0
''' '
#endif

typedef uint64_t Option_Foo;

#if 0
' '''
#endif

#if 0
from libc.stdint cimport uint64_t
ctypedef uint64_t Option_Foo
#endif

#include <stdarg.h>
#include <stdbool.h>
#include <stdint.h>
#include <stdlib.h>

/**
 * The `Option` type. See [the module level documentation](self) for more.
 */
struct Option_Foo;

struct Bar {
  struct Option_Foo foo;
};

void root(struct Bar f);
