---
source: ui-tests/cbindgen/src/lib.rs
assertion_line: 166
expression: actual
---
#include <stdarg.h>
#include <stdbool.h>
#include <stdint.h>
#include <stdlib.h>

typedef struct HasBitfields HasBitfields;

#ifdef __cplusplus
extern "C" {
#endif // __cplusplus

void root(const struct HasBitfields *_);

#ifdef __cplusplus
}  // extern "C"
#endif  // __cplusplus
