---
source: ui-tests/cbindgen/src/lib.rs
assertion_line: 194
expression: actual
---
#include <stdarg.h>
#include <stdbool.h>
#include <stdint.h>
#include <stdlib.h>

struct Foo {
  int32_t x[10];
};

#define FOO 10

#define BAR "hello world"

#define DELIMITER ':'

#define LEFTCURLY '{'

#define QUOTE '\''

#define TAB '\t'

#define NEWLINE '\n'

#define HEART U'\U00002764'

#define EQUID U'\U00010083'

#define ZOM 3.1400001

/**
 * A single-line doc comment.
 */
#define POS_ONE 1

/**
 * A
 * multi-line
 * doc
 * comment.
 */
#define NEG_ONE -1

#define SHIFT 3

#define XBOOL 1

#define XFALSE 1

#define XTRUE 8

#define CAST 65

#define DOUBLE_CAST 1

void root(struct Foo x);
