---
source: ui-tests/src/generate/mod.rs
assertion_line: 171
expression: output
---
#include <stdarg.h>
#include <stdbool.h>
#include <stdint.h>
#include <stdlib.h>

typedef struct Point Point;

typedef struct Color Color;

typedef union Value Value;

typedef struct Container {
  struct Point *point;
} Container;

void take_box_i32(int32_t *x);

int32_t *return_box_i32(void);

void take_box_f32(float *x);

void take_option_box_i32(int32_t *x);

int32_t *return_option_box_i32(void);

void take_option_box_u8(uint8_t *x);

void take_box_point(struct Point *x);

struct Point *return_box_point(void);

void take_box_color(struct Color *x);

void take_box_value(union Value *x);

void take_option_box_point(struct Point *x);

struct Container make_container(void);
