---
source: ui-tests/src/generate/mod.rs
assertion_line: 171
expression: output
---
#include <stdarg.h>
#include <stdbool.h>
#include <stdint.h>
#include <stdlib.h>

#ifdef __cplusplus
extern "C" {
#endif // __cplusplus

void take_box_i32(int32_t *x);

int32_t *return_box_i32(void);

void take_box_f32(float *x);

void take_option_box_i32(int32_t *x);

int32_t *return_option_box_i32(void);

void take_option_box_u8(uint8_t *x);

#ifdef __cplusplus
}  // extern "C"
#endif  // __cplusplus
