---
source: ui-tests/src/generate/mod.rs
assertion_line: 171
expression: output
---
#include <stdarg.h>
#include <stdbool.h>
#include <stdint.h>
#include <stdlib.h>

struct dep_struct;

#ifdef __cplusplus
extern "C" {
#endif // __cplusplus

uint32_t get_x(const struct dep_struct *dep_struct);

#ifdef __cplusplus
}  // extern "C"
#endif  // __cplusplus
