---
source: ui-tests/cbindgen/src/lib.rs
assertion_line: 166
expression: actual
---
#include <stdarg.h>
#include <stdbool.h>
#include <stdint.h>
#include <stdlib.h>

typedef int32_t NamedLenArray[22];

typedef int32_t ValuedLenArray[22];

enum AbsoluteFontWeight_Tag {
  Weight,
  Normal,
  Bold,
};
typedef uint8_t AbsoluteFontWeight_Tag;

typedef union {
  AbsoluteFontWeight_Tag tag;
  struct {
    AbsoluteFontWeight_Tag weight_tag;
    float weight;
  };
} AbsoluteFontWeight;

#define LEN 22

#define X 92274688

#define Y 184549376

void root(NamedLenArray x, ValuedLenArray y, AbsoluteFontWeight z);
