---
source: ui-tests/cbindgen/src/lib.rs
assertion_line: 166
expression: actual
---
#if 0
''' '
#endif

#ifdef __cplusplus
template <typename T>
using MaybeUninit = T;
#endif

#if 0
' '''
#endif

#include <stdarg.h>
#include <stdbool.h>
#include <stdint.h>
#include <stdlib.h>

typedef struct MyStruct MyStruct;

typedef struct Foo Foo;

void root(const Foo *a, const MyStruct *with_maybe_uninit);
