---
source: ui-tests/src/generate/mod.rs
assertion_line: 256
expression: output
---
#include <stdarg.h>
#include <stdbool.h>
#include <stdint.h>
#include <stdlib.h>

typedef struct ExportMe ExportMe;

typedef struct ExportMe2 ExportMe2;

#define EXPORT_ME_TOO 42

void from_really_nested_mod(void);

void export_me_2(ExportMe2 *_);

void export_me(ExportMe *val);
