---
source: ui-tests/cheadergen/src/lib.rs
assertion_line: 332
expression: output
---
#include <stdarg.h>
#include <stdbool.h>
#include <stdint.h>
#include <stdlib.h>

typedef enum Color {
  RED,
  /**
   * Explicit override wins — emitted as `explicit_green`, not `GREEN`.
   */
  explicit_green,
  BLUE,
} Color;
