---
source: ui-tests/src/generate/mod.rs
assertion_line: 256
expression: output
---
#define DEPRECATED_FUNC __attribute__((deprecated))
#define DEPRECATED_STRUCT __attribute__((deprecated))
#define DEPRECATED_ENUM __attribute__((deprecated))
#define DEPRECATED_ENUM_VARIANT __attribute__((deprecated))
#define DEPRECATED_FUNC_WITH_NOTE(...) __attribute__((deprecated(__VA_ARGS__)))
#define DEPRECATED_STRUCT_WITH_NOTE(...) __attribute__((deprecated(__VA_ARGS__)))
#define DEPRECATED_ENUM_WITH_NOTE(...) __attribute__((deprecated(__VA_ARGS__)))
#define DEPRECATED_ENUM_VARIANT_WITH_NOTE(...) __attribute__((deprecated(__VA_ARGS__)))

#include <stdarg.h>
#include <stdbool.h>
#include <stdint.h>
#include <stdlib.h>

enum DeprecatedEnum
#ifdef __cplusplus
  : int32_t
#endif // __cplusplus
 {
  A = 0,
};
#ifndef __cplusplus
typedef int32_t DeprecatedEnum;
#endif // __cplusplus

enum DeprecatedEnumWithNote
#ifdef __cplusplus
  : int32_t
#endif // __cplusplus
 {
  B = 0,
};
#ifndef __cplusplus
typedef int32_t DeprecatedEnumWithNote;
#endif // __cplusplus

enum EnumWithDeprecatedVariants
#ifdef __cplusplus
  : int32_t
#endif // __cplusplus
 {
  C = 0,
  D = 1,
  E = 2,
  F = 3,
};
#ifndef __cplusplus
typedef int32_t EnumWithDeprecatedVariants;
#endif // __cplusplus

enum EnumWithDeprecatedStructVariants_Tag
#ifdef __cplusplus
  : uint8_t
#endif // __cplusplus
 {
  Foo,
  Bar,
  Baz,
};
#ifndef __cplusplus
typedef uint8_t EnumWithDeprecatedStructVariants_Tag;
#endif // __cplusplus

typedef struct Bar_Body {
  EnumWithDeprecatedStructVariants_Tag tag;
  uint8_t x;
  int16_t y;
} Bar_Body;

typedef struct Baz_Body {
  EnumWithDeprecatedStructVariants_Tag tag;
  uint8_t x;
  uint8_t y;
} Baz_Body;

typedef union EnumWithDeprecatedStructVariants {
  EnumWithDeprecatedStructVariants_Tag tag;
  struct {
    EnumWithDeprecatedStructVariants_Tag foo_tag;
    int16_t foo;
  };
  struct Bar_Body bar;
  struct Baz_Body baz;
} EnumWithDeprecatedStructVariants;

typedef struct DeprecatedStruct {
  int32_t a;
} DeprecatedStruct;

typedef struct DeprecatedStructWithNote {
  int32_t a;
} DeprecatedStructWithNote;

#ifdef __cplusplus
extern "C" {
#endif // __cplusplus

void deprecated_without_note(void);

void deprecated_without_bracket(void);

void deprecated_with_note(void);

void deprecated_with_note_and_since(void);

void deprecated_with_note_which_requires_to_be_escaped(void);

void dummy(DeprecatedEnum a, DeprecatedEnumWithNote b, EnumWithDeprecatedVariants c, struct DeprecatedStruct d, struct DeprecatedStructWithNote e, union EnumWithDeprecatedStructVariants f);

#ifdef __cplusplus
}  // extern "C"
#endif  // __cplusplus
