---
source: ui-tests/src/generate/mod.rs
assertion_line: 171
expression: output
---
#include <stdarg.h>
#include <stdbool.h>
#include <stdint.h>
#include <stdlib.h>

typedef enum {
  Either_f32_Value,
  Either_f32_None,
} Either_f32_Tag;

typedef struct {
  Either_f32_Tag tag;
  union {
    struct {
      float value;
    };
  };
} Either_f32;

typedef enum {
  Either_i32_Value,
  Either_i32_None,
} Either_i32_Tag;

typedef struct {
  Either_i32_Tag tag;
  union {
    struct {
      int32_t value;
    };
  };
} Either_i32;

typedef enum {
  MyResult_i32__u8_Ok,
  MyResult_i32__u8_Err,
} MyResult_i32__u8_Tag;

typedef struct {
  MyResult_i32__u8_Tag tag;
  union {
    struct {
      int32_t ok;
    };
    struct {
      uint8_t err;
    };
  };
} MyResult_i32__u8;

#ifdef __cplusplus
extern "C" {
#endif // __cplusplus

Either_i32 use_either_i32(Either_i32 e);

Either_f32 use_either_f32(Either_f32 e);

MyResult_i32__u8 use_result(MyResult_i32__u8 r);

#ifdef __cplusplus
}  // extern "C"
#endif  // __cplusplus
