---
source: ui-tests/cbindgen/src/lib.rs
assertion_line: 201
expression: stderr_str
---
error: failed to resolve return type of function `loop_forever`
 --> function_noreturn/src/lib.rs:6:2
  |
6 |   pub extern "C" fn loop_forever() -> ! {
  |  __^
7 | |     loop {}
8 | | }
  | |_^
  |
  = note: Failed to resolve a type, Primitive("never").
          Unknown primitive type, `never`

error: failed to resolve type of parameter `other` in function `normal_return`
  --> function_noreturn/src/lib.rs:11:2
   |
11 |   pub extern "C" fn normal_return(arg: Example, other: extern "C" fn(u8) -> !) -> u8 {
   |  __^
12 | |     0
13 | | }
   | |_^
   |
   = note: Failed to resolve a type, FunctionPointer(FunctionPointer { sig: FunctionSignature { inputs: [("_", Primitive("u8"))], output: Some(Primitive("never")), is_c_variadic: false }, generic_params: [], header: FunctionHeader { is_const: false, is_unsafe: false, is_async: false, abi: C { unwind: false } } }).
           Failed to resolve function pointer output:
           Failed to resolve a type, Primitive("never").
           Unknown primitive type, `never`Error: aborting due to previous error(s)
