---
source: ui-tests/src/generate/mod.rs
assertion_line: 256
expression: output
---
#include <stdarg.h>
#include <stdbool.h>
#include <stdint.h>
#include <stdlib.h>

typedef struct {
  int32_t x[10];
} Foo;

#define FOO 10

#define BAR "hello world"

#define ZOM 3.1400001

#ifdef __cplusplus
extern "C" {
#endif // __cplusplus

void root(Foo x);

#ifdef __cplusplus
}  // extern "C"
#endif  // __cplusplus
