---
source: ui-tests/cbindgen/src/lib.rs
assertion_line: 166
expression: actual
---
#include <stdarg.h>
#include <stdbool.h>
#include <stdint.h>
#include <stdlib.h>

struct Foo_i32;

struct Bar_i32;

struct Baz;

struct Taz;

void foo(const struct Foo_i32 *foo, const struct Bar_i32 *bar, const struct Baz *baz, const struct Taz *taz);
