---
source: ui-tests/src/generate/mod.rs
assertion_line: 256
expression: output
---
#include <stdarg.h>
#include <stdbool.h>
#include <stdint.h>
#include <stdlib.h>

typedef struct Foo {
  bool a;
  int32_t b;
} Foo;

enum Bar_Tag {
  Baz,
  Bazz,
  FooNamed,
  FooParen,
};
typedef uint8_t Bar_Tag;

typedef struct FooNamed_Body {
  Bar_Tag tag;
  int32_t different;
  uint32_t fields;
} FooNamed_Body;

typedef struct FooParen_Body {
  Bar_Tag tag;
  int32_t m0;
  struct Foo m1;
} FooParen_Body;

typedef union Bar {
  Bar_Tag tag;
  struct {
    Bar_Tag bazz_tag;
    struct Foo bazz;
  };
  struct FooNamed_Body foonamed;
  struct FooParen_Body fooparen;
} Bar;

struct Foo root(union Bar bar);
