---
source: ui-tests/src/generate/mod.rs
assertion_line: 256
expression: output
---
#include <stdarg.h>
#include <stdbool.h>
#include <stdint.h>
#include <stdlib.h>

typedef struct {
  float a;
  uint32_t b;
  uint32_t c;
} ABC;

typedef struct {
  uint32_t b;
  float a;
  int32_t c;
} BAC;

void root(ABC a1, BAC a2);
