---
source: ui-tests/src/generate/mod.rs
assertion_line: 171
expression: output
---
#include <stdarg.h>
#include <stdbool.h>
#include <stdint.h>
#include <stdlib.h>

enum Untagged_Tag {
  Untagged_Foo,
  Untagged_Bar,
  Untagged_Baz,
};
typedef uint8_t Untagged_Tag;

typedef struct {
  Untagged_Tag tag;
  uint8_t x;
  int16_t y;
} Untagged_Bar_Body;

typedef union {
  Untagged_Tag tag;
  struct {
    Untagged_Tag foo_tag;
    int16_t foo;
  };
  Untagged_Bar_Body bar;
} Untagged;

typedef enum {
  Tagged_Foo,
  Tagged_Bar,
  Tagged_Baz,
} Tagged_Tag;

typedef struct {
  uint8_t x;
  int16_t y;
} Tagged_Bar_Body;

typedef struct {
  Tagged_Tag tag;
  union {
    struct {
      int16_t foo;
    };
    Tagged_Bar_Body bar;
  };
} Tagged;

enum TaggedInt_Tag {
  TaggedInt_Foo,
  TaggedInt_Bar,
  TaggedInt_Baz,
};
typedef uint8_t TaggedInt_Tag;

typedef struct {
  uint8_t x;
  int16_t y;
} TaggedInt_Bar_Body;

typedef struct {
  TaggedInt_Tag tag;
  union {
    struct {
      int16_t foo;
    };
    TaggedInt_Bar_Body bar;
  };
} TaggedInt;

enum UntaggedU16_Tag {
  UntaggedU16_U16Data,
  UntaggedU16_U16Unit,
};
typedef uint16_t UntaggedU16_Tag;

typedef union {
  UntaggedU16_Tag tag;
  struct {
    UntaggedU16_Tag u16data_tag;
    int16_t u16data;
  };
} UntaggedU16;

enum UntaggedU32_Tag {
  UntaggedU32_U32Data,
  UntaggedU32_U32Unit,
};
typedef uint32_t UntaggedU32_Tag;

typedef union {
  UntaggedU32_Tag tag;
  struct {
    UntaggedU32_Tag u32data_tag;
    int16_t u32data;
  };
} UntaggedU32;

enum UntaggedU64_Tag {
  UntaggedU64_U64Data,
  UntaggedU64_U64Unit,
};
typedef uint64_t UntaggedU64_Tag;

typedef union {
  UntaggedU64_Tag tag;
  struct {
    UntaggedU64_Tag u64data_tag;
    int16_t u64data;
  };
} UntaggedU64;

enum UntaggedU128_Tag {
  UntaggedU128_U128Data,
  UntaggedU128_U128Unit,
};
typedef __uint128_t UntaggedU128_Tag;

typedef union {
  UntaggedU128_Tag tag;
  struct {
    UntaggedU128_Tag u128data_tag;
    int16_t u128data;
  };
} UntaggedU128;

enum UntaggedI8_Tag {
  UntaggedI8_I8Data,
  UntaggedI8_I8Unit,
};
typedef int8_t UntaggedI8_Tag;

typedef union {
  UntaggedI8_Tag tag;
  struct {
    UntaggedI8_Tag i8data_tag;
    int16_t i8data;
  };
} UntaggedI8;

enum UntaggedI16_Tag {
  UntaggedI16_I16Data,
  UntaggedI16_I16Unit,
};
typedef int16_t UntaggedI16_Tag;

typedef union {
  UntaggedI16_Tag tag;
  struct {
    UntaggedI16_Tag i16data_tag;
    int16_t i16data;
  };
} UntaggedI16;

enum UntaggedI32_Tag {
  UntaggedI32_I32Data,
  UntaggedI32_I32Unit,
};
typedef int32_t UntaggedI32_Tag;

typedef union {
  UntaggedI32_Tag tag;
  struct {
    UntaggedI32_Tag i32data_tag;
    int16_t i32data;
  };
} UntaggedI32;

enum UntaggedI64_Tag {
  UntaggedI64_I64Data,
  UntaggedI64_I64Unit,
};
typedef int64_t UntaggedI64_Tag;

typedef union {
  UntaggedI64_Tag tag;
  struct {
    UntaggedI64_Tag i64data_tag;
    int16_t i64data;
  };
} UntaggedI64;

enum UntaggedI128_Tag {
  UntaggedI128_I128Data,
  UntaggedI128_I128Unit,
};
typedef __int128_t UntaggedI128_Tag;

typedef union {
  UntaggedI128_Tag tag;
  struct {
    UntaggedI128_Tag i128data_tag;
    int16_t i128data;
  };
} UntaggedI128;

enum UntaggedIsize_Tag {
  UntaggedIsize_IsizeData,
  UntaggedIsize_IsizeUnit,
};
typedef intptr_t UntaggedIsize_Tag;

typedef union {
  UntaggedIsize_Tag tag;
  struct {
    UntaggedIsize_Tag isizedata_tag;
    int16_t isizedata;
  };
} UntaggedIsize;

void root(Untagged a, Tagged b, TaggedInt c, UntaggedU16 d, UntaggedU32 e, UntaggedU64 f, UntaggedU128 g, UntaggedI8 h, UntaggedI16 i, UntaggedI32 j, UntaggedI64 k, UntaggedI128 l, UntaggedIsize m);
