---
source: ui-tests/cbindgen/src/lib.rs
assertion_line: 166
expression: actual
---
#include <stdarg.h>
#include <stdbool.h>
#include <stdint.h>
#include <stdlib.h>

typedef struct {

} Foo;

#ifdef __cplusplus
extern "C" {
#endif // __cplusplus

void extra_debug_fn(void);

void root(Foo a);

#ifdef __cplusplus
}  // extern "C"
#endif  // __cplusplus
