---
source: ui-tests/cbindgen/src/lib.rs
assertion_line: 191
expression: actual
---
#include <stdarg.h>
#include <stdbool.h>
#include <stdint.h>
#include <stdlib.h>

enum A
#ifdef __cplusplus
  : uint8_t
#endif // __cplusplus
 {
  A_A1,
  A_A2,
  A_A3,
};
#ifndef __cplusplus
typedef uint8_t A;
#endif // __cplusplus

enum B
#ifdef __cplusplus
  : uint8_t
#endif // __cplusplus
 {
  B_B1,
  B_B2,
  B_B3,
};
#ifndef __cplusplus
typedef uint8_t B;
#endif // __cplusplus

enum C_Tag
#ifdef __cplusplus
  : uint8_t
#endif // __cplusplus
 {
  C_C1,
  C_C2,
  C_C3,
};
#ifndef __cplusplus
typedef uint8_t C_Tag;
#endif // __cplusplus

union C {
  C_Tag tag;
  struct {
    C_Tag c1_tag;
    uint32_t c1;
  };
  struct {
    C_Tag c2_tag;
    uint32_t c2;
  };
};

#ifdef __cplusplus
extern "C" {
#endif // __cplusplus

void root(A a, B b, union C c);

#ifdef __cplusplus
}  // extern "C"
#endif  // __cplusplus
