---
source: ui-tests/cbindgen/src/lib.rs
assertion_line: 191
expression: actual
---
#include <stdarg.h>
#include <stdbool.h>
#include <stdint.h>
#include <stdlib.h>

enum A {
  A_A1,
  A_A2,
  A_A3,
};
typedef uint8_t A;

enum B {
  B_B1,
  B_B2,
  B_B3,
};
typedef uint8_t B;

enum C_Tag {
  C_C1,
  C_C2,
  C_C3,
};
typedef uint8_t C_Tag;

union C {
  C_Tag tag;
  struct {
    C_Tag c1_tag;
    uint32_t c1;
  };
  struct {
    C_Tag c2_tag;
    uint32_t c2;
  };
};

void root(A a, B b, union C c);
