---
source: ui-tests/src/generate/mod.rs
assertion_line: 171
expression: output
---
#include <stdarg.h>
#include <stdbool.h>
#include <stdint.h>
#include <stdlib.h>

/**
 * A repr(C) struct with private fields.
 */
typedef struct PrivateStruct {
  int32_t x;
  float y;
} PrivateStruct;

/**
 * A repr(C) union with private fields.
 */
typedef union PrivateUnion {
  int32_t x;
  float y;
} PrivateUnion;

/**
 * A repr(C) enum with a private-field variant.
 */
typedef enum PrivateEnum_Tag {
  A,
  B,
} PrivateEnum_Tag;

typedef struct A_Body {
  int32_t x;
  float y;
} A_Body;

typedef struct PrivateEnum {
  PrivateEnum_Tag tag;
  union {
    struct A_Body a;
  };
} PrivateEnum;

struct PrivateStruct use_struct(struct PrivateStruct a);

union PrivateUnion use_union(union PrivateUnion a);

struct PrivateEnum use_enum(struct PrivateEnum a);
