---
source: ui-tests/cbindgen/src/lib.rs
assertion_line: 166
expression: actual
---
#include <stdarg.h>
#include <stdbool.h>
#include <stdint.h>
#include <stdlib.h>

struct WithoutAs {
  uint32_t items[4];
};

struct WithAs {
  uint32_t items[4];
};

#define SIZE 4

void some_fn(struct WithoutAs a, struct WithAs b);
