---
source: ui-tests/cbindgen/src/lib.rs
assertion_line: 166
expression: actual
---
#include <stdarg.h>
#include <stdbool.h>
#include <stdint.h>
#include <stdlib.h>

typedef struct {
  uint32_t items[4];
} WithoutAs;

typedef struct {
  uint32_t items[4];
} WithAs;

#define SIZE 4

#ifdef __cplusplus
extern "C" {
#endif // __cplusplus

void some_fn(WithoutAs a, WithAs b);

#ifdef __cplusplus
}  // extern "C"
#endif  // __cplusplus
