---
source: tests/tests.rs
expression: "impl_unsafe_attr_method.c"
snapshot_kind: text
---
#include <stdarg.h>
#include <stdbool.h>
#include <stdint.h>
#include <stdlib.h>

typedef struct {
  int32_t dummy_field;
} DummyStruct;

DummyStruct new_dummy(void);

DummyStruct new_dummy_param(int32_t dummy_field);
