---
source: ui-tests/cbindgen/src/lib.rs
assertion_line: 166
expression: actual
---
#include <stdarg.h>
#include <stdbool.h>
#include <stdint.h>
#include <stdlib.h>

struct Foo_u8 {
  uint8_t a[4];
};

struct Foo_u8 {
  uint8_t *a;
};

typedef struct Foo_u8 Boo;

void root(Boo x);

void my_function(struct Foo_u8 x);
