---
source: ui-tests/cbindgen/src/lib.rs
assertion_line: 166
expression: actual
---
#include <stdarg.h>
#include <stdbool.h>
#include <stdint.h>
#include <stdlib.h>

typedef struct {
  uint8_t *a;
} Foo_u8;

typedef struct {
  uint8_t a[4];
} Foo_u8;

typedef Foo_u8 Boo;

void root(Boo x);

void my_function(Foo_u8 x);
