---
source: ui-tests/src/generate/mod.rs
assertion_line: 171
expression: output
---
#include <stdarg.h>
#include <stdbool.h>
#include <stdint.h>
#include <stdlib.h>

/**
 * A non-repr(C) union — should be emitted as an opaque forward declaration
 * when only used behind a pointer.
 */
typedef union Opaque Opaque;

/**
 * A basic repr(C) union with primitive fields.
 */
typedef union {
  int32_t x;
  float y;
} Normal;

/**
 * A repr(C) union where ZST fields (`()`, `PhantomData`) should be skipped.
 */
typedef union {
  int32_t x;
  float y;
} WithZST;

#ifdef __cplusplus
extern "C" {
#endif // __cplusplus

void root(Opaque *a, Normal b, WithZST c);

#ifdef __cplusplus
}  // extern "C"
#endif  // __cplusplus
