---
source: ui-tests/cheadergen/src/lib.rs
assertion_line: 332
expression: output
---
#include <stdarg.h>
#include <stdbool.h>
#include <stdint.h>
#include <stdlib.h>

typedef struct Point {
  double x;
  double y;
} Point;

typedef struct Pair {
  struct Point a;
  struct Point b;
} Pair;

struct Point point_origin(void);

struct Pair pair_new(struct Point a, struct Point b);
