---
source: ui-tests/cheadergen/src/lib.rs
assertion_line: 332
expression: output
---
#include <stdarg.h>
#include <stdbool.h>
#include <stdint.h>
#include <stdlib.h>
#include <time.h>

#ifdef __cplusplus
extern "C" {
#endif // __cplusplus

uint64_t timestamp(void);

#ifdef __cplusplus
}  // extern "C"
#endif  // __cplusplus
