---
source: ui-tests/cbindgen/src/lib.rs
assertion_line: 166
expression: actual
---
#define MUST_USE_FUNC __attribute__((warn_unused_result))
#define MUST_USE_STRUCT __attribute__((warn_unused))
#define MUST_USE_ENUM /* nothing */

#include <stdarg.h>
#include <stdbool.h>
#include <stdint.h>
#include <stdlib.h>

typedef struct OwnedPtr_i32 {
  int32_t *ptr;
} OwnedPtr_i32;

enum MaybeOwnedPtr_i32_Tag
#ifdef __cplusplus
  : uint8_t
#endif // __cplusplus
 {
  Owned,
  None,
};
#ifndef __cplusplus
typedef uint8_t MaybeOwnedPtr_i32_Tag;
#endif // __cplusplus

typedef struct MaybeOwnedPtr_i32 {
  MaybeOwnedPtr_i32_Tag tag;
  union {
    struct {
      int32_t *owned;
    };
  };
} MaybeOwnedPtr_i32;

#ifdef __cplusplus
extern "C" {
#endif // __cplusplus

struct MaybeOwnedPtr_i32 maybe_consume(struct OwnedPtr_i32 input);

#ifdef __cplusplus
}  // extern "C"
#endif  // __cplusplus
