---
source: ui-tests/cheadergen/src/lib.rs
assertion_line: 332
expression: output
---
#include <stdarg.h>
#include <stdbool.h>
#include <stdint.h>
#include <stdlib.h>

/**
 * Alias to a primitive, forced into the header via annotation.
 */
typedef uint32_t Flags;

#ifdef __cplusplus
extern "C" {
#endif // __cplusplus

void noop(void);

#ifdef __cplusplus
}  // extern "C"
#endif  // __cplusplus
