---
source: ui-tests/cbindgen/src/lib.rs
assertion_line: 166
expression: actual
---
#define CF_SWIFT_NAME(_name) __attribute__((swift_name(#_name)))
#include <stdarg.h>
#include <stdbool.h>
#include <stdint.h>
#include <stdlib.h>

typedef struct {
  uint8_t times;
} SelfTypeTestStruct;

void rust_print_hello_world(void);

void free_function_should_exist_ref(const SelfTypeTestStruct *test_struct);

void free_function_should_exist_ref_mut(SelfTypeTestStruct *test_struct);

void unnamed_argument(SelfTypeTestStruct *_);

void free_function_should_not_exist_box(SelfTypeTestStruct *boxed);

void free_function_should_exist_annotated_by_name(SelfTypeTestStruct test_struct);

void free_function_should_exist_annotated_mut_by_name(SelfTypeTestStruct test_struct);
