---
source: ui-tests/src/generate/mod.rs
assertion_line: 256
expression: output
---
#include <stdarg.h>
#include <stdbool.h>
#include <stdint.h>
#include <stdlib.h>

enum E {
  x = 0,
  y = 1,
};
typedef uint8_t E;

typedef struct A A;

typedef union C C;

typedef struct B {
  int32_t x;
  float y;
} B;

typedef union D {
  int32_t x;
  float y;
} D;

#define H 10

#define I 10

extern const int32_t G;

void root(const struct A *a, struct B b, union C c, union D d, E e, struct A f);
