---
source: ui-tests/cbindgen/src/lib.rs
assertion_line: 166
expression: actual
---
#define DEPRECATED_FUNC __attribute__((deprecated))
#define DEPRECATED_STRUCT __attribute__((deprecated))
#define DEPRECATED_ENUM __attribute__((deprecated))
#define DEPRECATED_ENUM_VARIANT __attribute__((deprecated))
#define DEPRECATED_FUNC_WITH_NOTE(...) __attribute__((deprecated(__VA_ARGS__)))
#define DEPRECATED_STRUCT_WITH_NOTE(...) __attribute__((deprecated(__VA_ARGS__)))
#define DEPRECATED_ENUM_WITH_NOTE(...) __attribute__((deprecated(__VA_ARGS__)))
#define DEPRECATED_ENUM_VARIANT_WITH_NOTE(...) __attribute__((deprecated(__VA_ARGS__)))

#include <stdarg.h>
#include <stdbool.h>
#include <stdint.h>
#include <stdlib.h>

enum DeprecatedEnum {
  A = 0,
};
typedef int32_t DeprecatedEnum;

enum DeprecatedEnumWithNote {
  B = 0,
};
typedef int32_t DeprecatedEnumWithNote;

enum EnumWithDeprecatedVariants {
  C = 0,
  D = 1,
  E = 2,
  F = 3,
};
typedef int32_t EnumWithDeprecatedVariants;

enum EnumWithDeprecatedStructVariants_Tag {
  Foo,
  Bar,
  Baz,
};
typedef uint8_t EnumWithDeprecatedStructVariants_Tag;

struct Bar_Body {
  EnumWithDeprecatedStructVariants_Tag tag;
  uint8_t x;
  int16_t y;
};

struct Baz_Body {
  EnumWithDeprecatedStructVariants_Tag tag;
  uint8_t x;
  uint8_t y;
};

union EnumWithDeprecatedStructVariants {
  EnumWithDeprecatedStructVariants_Tag tag;
  struct {
    EnumWithDeprecatedStructVariants_Tag foo_tag;
    int16_t foo;
  };
  struct Bar_Body bar;
  struct Baz_Body baz;
};

struct DeprecatedStruct {
  int32_t a;
};

struct DeprecatedStructWithNote {
  int32_t a;
};

void deprecated_without_note(void);

void deprecated_without_bracket(void);

void deprecated_with_note(void);

void deprecated_with_note_and_since(void);

void deprecated_with_note_which_requires_to_be_escaped(void);

void dummy(DeprecatedEnum a, DeprecatedEnumWithNote b, EnumWithDeprecatedVariants c, struct DeprecatedStruct d, struct DeprecatedStructWithNote e, union EnumWithDeprecatedStructVariants f);
