---
source: ui-tests/cbindgen/src/lib.rs
assertion_line: 166
expression: actual
---
#if 0
''' '
#endif

#ifdef __cplusplus
// These could be added as opaque types I guess.
template <typename T>
struct BuildHasherDefault;

struct DefaultHasher;
#endif

#if 0
' '''
#endif

#include <stdarg.h>
#include <stdbool.h>
#include <stdint.h>
#include <stdlib.h>

typedef struct Foo Foo;

typedef struct Bar Bar;

#ifdef __cplusplus
extern "C" {
#endif // __cplusplus

void root(const struct Foo *a, const struct Bar *b);

#ifdef __cplusplus
}  // extern "C"
#endif  // __cplusplus
