---
source: ui-tests/src/generate/mod.rs
assertion_line: 256
expression: output
---
#include <stdarg.h>
#include <stdbool.h>
#include <stdint.h>
#include <stdlib.h>

struct Foo_i32__i32 {
  int32_t x;
  int32_t y;
};

#ifdef __cplusplus
extern "C" {
#endif // __cplusplus

void root(struct Foo_i32__i32 a);

#ifdef __cplusplus
}  // extern "C"
#endif  // __cplusplus
