---
source: ui-tests/cbindgen/src/lib.rs
assertion_line: 166
expression: actual
---
#include <stdarg.h>
#include <stdbool.h>
#include <stdint.h>
#include <stdlib.h>

struct Vec_String;

struct Result_i32__String;

struct Option_i32;

void root(const struct Vec_String *a, const struct Option_i32 *b, const struct Result_i32__String *c);
