---
source: ui-tests/cheadergen/src/lib.rs
assertion_line: 332
expression: output
---
#include <stdarg.h>
#include <stdbool.h>
#include <stdint.h>
#include <stdlib.h>

/**
 * A repr(C) struct for fn-ptr testing.
 */
typedef struct Pair Pair;

/**
 * A repr(C) fieldless enum for fn-ptr testing.
 */
typedef struct Status Status;

/**
 * A repr(C) union for fn-ptr testing.
 */
typedef union IntOrFloat IntOrFloat;

/**
 * A callback that takes two integers and returns a boolean.
 */
typedef bool (*Predicate)(int32_t, int32_t);

/**
 * A nullable callback (`Option<fn>` should simplify to bare `fn` ptr).
 */
typedef void (*NullableCallback)(uint64_t);

typedef struct {
  /**
   * A function pointer field.
   */
  void (*on_event)(uint32_t);
  /**
   * A nullable function pointer field.
   */
  void (*on_error)(int32_t);
} Dispatcher;

/**
 * Fn ptr taking and returning a struct by value.
 */
typedef Pair (*StructTransform)(Pair);

/**
 * Fn ptr taking a struct by pointer.
 */
typedef bool (*StructInspector)(const Pair *);

/**
 * Fn ptr taking an enum parameter.
 */
typedef int32_t (*StatusHandler)(Status);

/**
 * Nullable fn ptr taking a union by pointer.
 */
typedef void (*NullableUnionCallback)(IntOrFloat *);

/**
 * Struct with fn-ptr fields that reference complex types.
 */
typedef struct {
  /**
   * Non-nullable fn ptr field: struct → enum.
   */
  Status (*on_pair)(Pair);
  /**
   * Nullable fn ptr field: enum → struct pointer.
   */
  Pair *(*on_status)(Status);
  /**
   * Fn ptr field: union pointer → bool.
   */
  bool (*on_union)(const IntOrFloat *);
} ComplexDispatcher;

#ifdef __cplusplus
extern "C" {
#endif // __cplusplus

/**
 * Takes a bare function pointer as a parameter.
 */
void register_callback(bool (*cb)(uint8_t));

/**
 * Takes typedef'd function pointer types.
 */
void invoke(Predicate pred, NullableCallback fallback);

/**
 * Uses a struct with function pointer fields.
 */
void dispatch(Dispatcher d);

/**
 * Bare fn ptr parameter: struct in, enum out.
 */
void apply_to_pair(Status (*f)(Pair));

/**
 * Bare fn ptr parameter: union by value in and out.
 */
void transform_union(IntOrFloat (*f)(IntOrFloat));

/**
 * Uses all four typedef'd fn ptrs together.
 */
void invoke_complex(StructTransform transform, StructInspector inspect, StatusHandler handle, NullableUnionCallback on_union);

void dispatch_complex(ComplexDispatcher d);

#ifdef __cplusplus
}  // extern "C"
#endif  // __cplusplus
