---
source: ui-tests/cheadergen/src/lib.rs
assertion_line: 332
expression: output
---
#include <stdarg.h>
#include <stdbool.h>
#include <stdint.h>
#include <stdlib.h>
typedef struct SkipStructTag SkipStruct;


typedef struct {
  int32_t a;
  int32_t b;
} LocalStruct;

const SkipStruct *use_skip_dep(const SkipStruct *ptr);

LocalStruct use_local(LocalStruct s);
