---
source: ui-tests/cheadergen/src/lib.rs
assertion_line: 277
expression: output
---
#include <stdarg.h>
#include <stdbool.h>
#include <stdint.h>
#include <stdlib.h>

typedef struct LocalStruct {
  int32_t a;
  int32_t b;
} LocalStruct;

const struct SkipStruct *use_skip_dep(const struct SkipStruct *ptr);

struct LocalStruct use_local(struct LocalStruct s);
