---
source: ui-tests/cheadergen/src/lib.rs
assertion_line: 332
expression: output
---
#include <stdarg.h>
#include <stdbool.h>
#include <stdint.h>
#include <stdlib.h>

typedef struct MyStruct MyStruct;

typedef union MyUnion MyUnion;

typedef struct MyEnum MyEnum;

const struct MyStruct *use_struct_ptr(const struct MyStruct *ptr);

const union MyUnion *use_union_ptr(const union MyUnion *ptr);

const struct MyEnum *use_enum_ptr(const struct MyEnum *ptr);
