---
source: ui-tests/cheadergen/src/lib.rs
assertion_line: 332
expression: output
---
#include <stdarg.h>
#include <stdbool.h>
#include <stdint.h>
#include <stdlib.h>

struct DepStruct;

struct LocalStruct {
  int32_t a;
};

const struct DepStruct *use_dep(const struct DepStruct *ptr);

struct LocalStruct use_local(struct LocalStruct s);
