---
source: ui-tests/cbindgen/src/lib.rs
assertion_line: 166
expression: actual
---
#include <stdarg.h>
#include <stdbool.h>
#include <stdint.h>
#include <stdlib.h>

typedef struct Opaque Opaque;

typedef struct Normal {
  int32_t x;
  float y;
} Normal;

typedef struct NormalWithZST {
  int32_t x;
  float y;
} NormalWithZST;

/**
 * cbindgen:rename-all=GeckoCase
 */
typedef struct TupleRenamed {
  int32_t m0;
  float m1;
} TupleRenamed;

/**
 * cbindgen:field-names=[x, y]
 */
typedef struct TupleNamed {
  int32_t m0;
  float m1;
} TupleNamed;

void root(struct Opaque *a, struct Normal b, struct NormalWithZST c, struct TupleRenamed d, struct TupleNamed e);
