---
source: ui-tests/cheadergen/src/lib.rs
assertion_line: 332
expression: output
---
#include <stdarg.h>
#include <stdbool.h>
#include <stdint.h>
#include <stdlib.h>

typedef struct Settings {
  uint32_t maxValue;
  uint32_t minValue;
  /**
   * Per-field rename wins over the bulk rule.
   */
  uint32_t explicitName;
} Settings;
