---
source: ui-tests/src/generate/mod.rs
assertion_line: 256
expression: output
---
#if 0
''' '
#endif

#ifdef __cplusplus
// These could be added as opaque types I guess.
template <typename T>
struct BuildHasherDefault;

struct DefaultHasher;
#endif

#if 0
' '''
#endif

#include <stdarg.h>
#include <stdbool.h>
#include <stdint.h>
#include <stdlib.h>

typedef struct Foo Foo;

typedef struct Bar Bar;

void root(const struct Foo *a, const struct Bar *b);
