---
source: ui-tests/cbindgen/src/lib.rs
assertion_line: 166
expression: actual
---
#if 0
DEF DEFINED = 1
DEF NOT_DEFINED = 0
#endif

#include <stdarg.h>
#include <stdbool.h>
#include <stdint.h>
#include <stdlib.h>

struct Foo {
  int32_t x;
};

struct Bar {
  struct Foo z;
};

struct Root {
  struct Bar w;
};

#define DEFAULT_X 42

#ifdef __cplusplus
extern "C" {
#endif // __cplusplus

void root(struct Root a);

#ifdef __cplusplus
}  // extern "C"
#endif  // __cplusplus
