---
source: tests/tests.rs
expression: "decl_name_conflicting.c"
snapshot_kind: text
---
#include <stdarg.h>
#include <stdbool.h>
#include <stdint.h>
#include <stdlib.h>

enum BindingType {
  Buffer = 0,
  NotBuffer = 1,
};
typedef uint32_t BindingType;

typedef struct {
  BindingType ty;
} BindGroupLayoutEntry;

void root(BindGroupLayoutEntry entry);
