---
source: tests/tests.rs
expression: "duplicated_constants.compat.c"
snapshot_kind: text
---
#include <stdarg.h>
#include <stdbool.h>
#include <stdint.h>
#include <stdlib.h>

typedef struct {
  uint32_t field;
} Foo;
#define Foo_FIELD_RELATED_CONSTANT 0

typedef struct {
  uint32_t field;
} Bar;
#define Bar_FIELD_RELATED_CONSTANT 0

#ifdef __cplusplus
extern "C" {
#endif // __cplusplus

void root(Foo a, Bar b);

#ifdef __cplusplus
}  // extern "C"
#endif  // __cplusplus
