---
source: tests/tests.rs
expression: "expand.compat.c"
snapshot_kind: text
---
#include <stdarg.h>
#include <stdbool.h>
#include <stdint.h>
#include <stdlib.h>

typedef struct {

} Foo;

#ifdef __cplusplus
extern "C" {
#endif // __cplusplus

void root(Foo a);

#ifdef __cplusplus
}  // extern "C"
#endif  // __cplusplus
