---
source: tests/tests.rs
expression: "extern_tag.compat.c"
snapshot_kind: text
---
#include <stdarg.h>
#include <stdbool.h>
#include <stdint.h>
#include <stdlib.h>

struct Normal {
  int32_t x;
  float y;
};

#ifdef __cplusplus
extern "C" {
#endif // __cplusplus

extern int32_t foo(void);

extern void bar(struct Normal a);

extern int32_t baz(void);

#ifdef __cplusplus
}  // extern "C"
#endif  // __cplusplus
