---
source: ui-tests/src/generate/mod.rs
assertion_line: 256
expression: output
---
#ifdef __clang__
#define CBINDGEN_NONNULL _Nonnull
#else
#define CBINDGEN_NONNULL
#endif

#include <stdarg.h>
#include <stdbool.h>
#include <stdint.h>
#include <stdlib.h>

typedef struct Opaque Opaque;

typedef struct Pointers_u64 Pointers_u64;

typedef struct References {
  const struct Opaque *a;
  struct Opaque *b;
  const struct Opaque *c;
  struct Opaque *d;
} References;

void value_arg(struct References arg);

void mutltiple_args(int32_t *arg, struct Pointers_u64 *foo, struct Opaque * *d);

void ref_arg(const struct Pointers_u64 *arg);

void mut_ref_arg(struct Pointers_u64 *arg);

void optional_ref_arg(const struct Pointers_u64 *arg);

void optional_mut_ref_arg(struct Pointers_u64 *arg);

void nullable_const_ptr(const struct Pointers_u64 *arg);

void nullable_mut_ptr(struct Pointers_u64 *arg);
