---
source: ui-tests/cbindgen/src/lib.rs
assertion_line: 166
expression: actual
---
#define MY_ASSERT(...) do { } while (0)
#define MY_ATTRS __attribute((noinline))

#include <stdarg.h>
#include <stdbool.h>
#include <stdint.h>
#include <stdlib.h>

/**
 * cbindgen:prefix-with-name
 */
enum H_Tag {
  Foo,
  Bar,
  Baz,
};
typedef uint8_t H_Tag;

struct Bar_Body {
  uint8_t x;
  int16_t y;
};

struct H {
  H_Tag tag;
  union {
    struct {
      int16_t foo;
    };
    struct Bar_Body bar;
  };
};

/**
 * cbindgen:prefix-with-name
 */
enum I_Tag {
  Foo,
  Bar,
  Baz,
};
typedef uint16_t I_Tag;

struct Bar_Body {
  uint8_t x;
  int16_t y;
};

struct I {
  I_Tag tag;
  union {
    struct {
      int16_t foo;
    };
    struct Bar_Body bar;
  };
};

/**
 * cbindgen:prefix-with-name
 */
enum J_Tag {
  Foo,
  Bar,
  Baz,
};
typedef uint8_t J_Tag;

struct Bar_Body {
  uint8_t x;
  int16_t y;
};

struct J {
  J_Tag tag;
  union {
    struct {
      int16_t foo;
    };
    struct Bar_Body bar;
  };
};

/**
 * cbindgen:prefix-with-name
 */
enum K_Tag {
  Foo,
  Bar,
  Baz,
};
typedef uint8_t K_Tag;

struct Bar_Body {
  K_Tag tag;
  uint8_t x;
  int16_t y;
};

union K {
  K_Tag tag;
  struct {
    K_Tag foo_tag;
    int16_t foo;
  };
  struct Bar_Body bar;
};

void foo(struct H h, struct I i, struct J j, union K k);
