---
source: ui-tests/cbindgen/src/lib.rs
assertion_line: 166
expression: actual
---
#define NOINLINE __attribute__((noinline))
#define NODISCARD [[nodiscard]]

#include <stdarg.h>
#include <stdbool.h>
#include <stdint.h>
#include <stdlib.h>

typedef struct Foo_u32 Foo_u32;

typedef struct Baz_i32 Baz_i32;

typedef struct Taz Taz;

/**
 * cbindgen:derive-tagged-enum-copy-assignment=false
 */
typedef struct Tazzz Tazzz;

typedef struct Tazzzz Tazzzz;

/**
 * cbindgen:derive-eq=true
 * cbindgen:derive-neq=true
 * cbindgen:neq-attributes=NODISCARD
 * cbindgen:eq-attributes=NODISCARD
 * cbindgen:destructor-attributes=NOINLINE
 * cbindgen:copy-constructor-attributes=NOINLINE
 * cbindgen:copy-assignment-attributes=NOINLINE
 */
typedef struct Qux Qux;

/**
 * cbindgen:derive-tagged-enum-destructor=false
 * cbindgen:derive-tagged-enum-copy-constructor=false
 */
enum Tazz_Tag
#ifdef __cplusplus
  : uint8_t
#endif // __cplusplus
 {
  Bar4,
  Taz2,
};
#ifndef __cplusplus
typedef uint8_t Tazz_Tag;
#endif // __cplusplus

typedef union {
  Tazz_Tag tag;
  struct {
    Tazz_Tag taz2_tag;
    int32_t taz2;
  };
} Tazz;

#ifdef __cplusplus
extern "C" {
#endif // __cplusplus

void root(const Foo_u32 *a, const Baz_i32 *b, const Taz *c, Tazz d, const Tazzz *e, const Tazzzz *f, const Qux *g);

#ifdef __cplusplus
}  // extern "C"
#endif  // __cplusplus
